-rwxrwxr-x 1 drspeech real  3.0M Feb  9 21:45 HVC006045.htk
-rwxrwxr-x 1 drspeech real  1.5M Feb  9 21:45 HVC006184.htk
-rwxrwxr-x 1 drspeech real  2.8M Apr 20  2011 HVC011409.htk
-rwxrwxr-x 1 drspeech real  354K Feb  9 21:45 HVC022974.htk
-rwxrwxr-x 1 drspeech real  1.4M Feb  9 21:45 HVC026971.htk
-rwxrwxr-x 1 drspeech real  1.4M Feb  9 21:45 HVC027850.htk
-rwxrwxr-x 1 drspeech real  3.0M Feb  9 21:45 HVC029485.htk
-rwxrwxr-x 1 drspeech real  369K Feb  9 21:45 HVC031151.htk
-rwxrwxr-x 1 drspeech real  940K Feb  9 21:45 HVC032158.htk
-rwxrwxr-x 1 drspeech real  2.2M Feb  9 21:45 HVC036790.htk
-rwxrwxr-x 1 drspeech real  970K Feb  9 21:45 HVC040785.htk
-rwxrwxr-x 1 drspeech real  867K Feb  9 21:45 HVC042692.htk
-rwxrwxr-x 1 drspeech real  699K Feb  9 21:45 HVC049437.htk
-rwxrwxr-x 1 drspeech real  1.1M Feb  9 21:45 HVC064215.htk
-rwxrwxr-x 1 drspeech real  1.3M Feb  9 21:45 HVC067270.htk
-rwxrwxr-x 1 drspeech real  2.6M Feb  9 21:45 HVC068504.htk
-rwxrwxr-x 1 drspeech real  651K Feb  9 21:45 HVC087057.htk
-rwxrwxr-x 1 drspeech real  112K Feb  9 21:45 HVC090414.htk
-rwxrwxr-x 1 drspeech real  3.9M Feb  9 21:45 HVC091740.htk
-rwxrwxr-x 1 drspeech real  1.1M Feb  9 21:45 HVC095303.htk
-rwxrwxr-x 1 drspeech real  255K Apr 20  2011 HVC098807.htk
-rwxrwxr-x 1 drspeech real  1.1M Feb  9 21:45 HVC103302.htk
-rwxrwxr-x 1 drspeech real  729K Feb  9 21:45 HVC103932.htk
-rwxrwxr-x 1 drspeech real  3.5M Feb  9 21:45 HVC105766.htk
-rwxrwxr-x 1 drspeech real  727K Feb  9 21:45 HVC108320.htk
-rwxrwxr-x 1 drspeech real  517K Feb  9 21:45 HVC109456.htk
-rwxrwxr-x 1 drspeech real  4.5M Feb  9 21:45 HVC123288.htk
-rwxrwxr-x 1 drspeech real  3.2M Feb  9 21:45 HVC134406.htk
-rwxrwxr-x 1 drspeech real  1.6M Feb  9 21:45 HVC134634.htk
-rwxrwxr-x 1 drspeech real  4.7M Feb  9 21:45 HVC146032.htk
-rwxrwxr-x 1 drspeech real  1.6M Feb  9 21:45 HVC148793.htk
-rwxrwxr-x 1 drspeech real  1.7M Feb  9 21:45 HVC152448.htk
-rwxrwxr-x 1 drspeech real  249K Feb  9 21:45 HVC169936.htk
-rwxrwxr-x 1 drspeech real  170K Feb  9 21:45 HVC174999.htk
-rwxrwxr-x 1 drspeech real  2.7M Feb  9 21:45 HVC198184.htk
-rwxrwxr-x 1 drspeech real  1.3M Feb  9 21:45 HVC201655.htk
-rwxrwxr-x 1 drspeech real  1.1M Feb  9 21:45 HVC203988.htk
-rwxrwxr-x 1 drspeech real  5.8M Feb  9 21:45 HVC218344.htk
-rwxrwxr-x 1 drspeech real  2.0M Feb  9 21:45 HVC218765.htk
-rwxrwxr-x 1 drspeech real  761K Feb  9 21:45 HVC240490.htk
-rwxrwxr-x 1 drspeech real  2.6M Feb  9 21:45 HVC243157.htk
-rwxrwxr-x 1 drspeech real  474K Feb  9 21:45 HVC255452.htk
-rwxrwxr-x 1 drspeech real  1.6M Feb  9 21:45 HVC257987.htk
-rwxrwxr-x 1 drspeech real  3.2M Feb  9 21:45 HVC259599.htk
-rwxrwxr-x 1 drspeech real  201K Feb  9 21:45 HVC263724.htk
-rwxrwxr-x 1 drspeech real  472K Feb  9 21:45 HVC268521.htk
-rwxrwxr-x 1 drspeech real  2.2M Feb  9 21:45 HVC271903.htk
-rwxrwxr-x 1 drspeech real   37K Feb  9 21:45 HVC283780.htk
-rwxrwxr-x 1 drspeech real  169K Feb  9 21:45 HVC292292.htk
-rwxrwxr-x 1 drspeech real  2.5M Feb  9 21:45 HVC293678.htk
-rwxrwxr-x 1 drspeech real  1.4M Feb  9 21:45 HVC298568.htk
-rwxrwxr-x 1 drspeech real  640K Feb  9 21:45 HVC309504.htk
-rwxrwxr-x 1 drspeech real  490K Feb  9 21:45 HVC317804.htk
-rwxrwxr-x 1 drspeech real  3.2M Feb  9 21:45 HVC319297.htk
-rwxrwxr-x 1 drspeech real  7.4M Feb  9 21:45 HVC319600.htk
-rwxrwxr-x 1 drspeech real  2.2M Feb  9 21:45 HVC320560.htk
-rwxrwxr-x 1 drspeech real  320K Feb  9 21:45 HVC334254.htk
-rwxrwxr-x 1 drspeech real  2.8M Feb  9 21:45 HVC359216.htk
-rwxrwxr-x 1 drspeech real  4.7M Feb  9 21:45 HVC362146.htk
-rwxrwxr-x 1 drspeech real  2.2M Feb  9 21:45 HVC364230.htk
-rwxrwxr-x 1 drspeech real  664K Feb  9 21:45 HVC365963.htk
-rwxrwxr-x 1 drspeech real 1003K Feb  9 21:45 HVC377296.htk
-rwxrwxr-x 1 drspeech real  1.5M Feb  9 21:45 HVC396658.htk
-rwxrwxr-x 1 drspeech real  3.0M Feb  9 21:45 HVC397279.htk
-rwxrwxr-x 1 drspeech real  314K Feb  9 21:45 HVC398674.htk
-rwxrwxr-x 1 drspeech real  513K Feb  9 21:45 HVC402970.htk
-rwxrwxr-x 1 drspeech real  2.6M Feb  9 21:45 HVC403628.htk
-rwxrwxr-x 1 drspeech real  117K Feb  9 21:45 HVC417926.htk
-rwxrwxr-x 1 drspeech real  2.5M Feb  9 21:45 HVC418407.htk
-rwxrwxr-x 1 drspeech real   85K Feb  9 21:45 HVC425927.htk
-rwxrwxr-x 1 drspeech real 1001K Feb  9 21:45 HVC429818.htk
-rwxrwxr-x 1 drspeech real  445K Feb  9 21:45 HVC434449.htk
-rwxrwxr-x 1 drspeech real  2.1M Feb  9 21:45 HVC450989.htk
-rwxrwxr-x 1 drspeech real  1.2M Feb  9 21:45 HVC460343.htk
-rwxrwxr-x 1 drspeech real  2.1M Feb  9 21:45 HVC462262.htk
-rwxrwxr-x 1 drspeech real  2.1M Feb  9 21:45 HVC462508.htk
-rwxrwxr-x 1 drspeech real  480K Feb  9 21:45 HVC463620.htk
-rwxrwxr-x 1 drspeech real  643K Feb  9 21:45 HVC467645.htk
-rwxrwxr-x 1 drspeech real 1012K Feb  9 21:45 HVC468477.htk
-rwxrwxr-x 1 drspeech real  4.1M Feb  9 21:45 HVC473973.htk
-rwxrwxr-x 1 drspeech real  103K Feb  9 21:45 HVC479361.htk
-rwxrwxr-x 1 drspeech real  1.4M Feb  9 21:45 HVC486704.htk
-rwxrwxr-x 1 drspeech real  2.3M Feb  9 21:45 HVC498099.htk
-rwxrwxr-x 1 drspeech real  178K Feb  9 21:45 HVC499900.htk
-rwxrwxr-x 1 drspeech real  210K Feb  9 21:45 HVC506183.htk
-rwxrwxr-x 1 drspeech real  3.7M Feb  9 21:45 HVC507955.htk
-rwxrwxr-x 1 drspeech real  1.2M Feb  9 21:45 HVC513054.htk
-rwxrwxr-x 1 drspeech real  3.4M Feb  9 21:45 HVC515040.htk
-rwxrwxr-x 1 drspeech real  4.6M Feb  9 21:45 HVC516366.htk
-rwxrwxr-x 1 drspeech real  283K Feb  9 21:45 HVC520461.htk
-rwxrwxr-x 1 drspeech real  260K Feb  9 21:45 HVC528762.htk
-rwxrwxr-x 1 drspeech real  2.2M Feb  9 21:45 HVC528929.htk
-rwxrwxr-x 1 drspeech real  4.9M Feb  9 21:45 HVC529613.htk
-rwxrwxr-x 1 drspeech real  4.7M Feb  9 21:45 HVC532992.htk
-rwxrwxr-x 1 drspeech real  350K Feb  9 21:45 HVC532993.htk
-rwxrwxr-x 1 drspeech real  1.2M Feb  9 21:45 HVC539647.htk
-rwxrwxr-x 1 drspeech real  4.0M Feb  9 21:45 HVC541506.htk
-rwxrwxr-x 1 drspeech real  3.6M Feb  9 21:45 HVC542481.htk
-rwxrwxr-x 1 drspeech real  857K Feb  9 21:45 HVC549861.htk
-rwxrwxr-x 1 drspeech real  163K Feb  9 21:45 HVC553302.htk
-rwxrwxr-x 1 drspeech real  4.1M Feb  9 21:45 HVC561733.htk
-rwxrwxr-x 1 drspeech real  1.9M Feb  9 21:45 HVC562777.htk
-rwxrwxr-x 1 drspeech real  173K Feb  9 21:45 HVC570651.htk
-rwxrwxr-x 1 drspeech real  1.3M Feb  9 21:45 HVC573643.htk
-rwxrwxr-x 1 drspeech real  6.0M Feb  9 21:45 HVC579741.htk
-rwxrwxr-x 1 drspeech real  104K Feb  9 21:45 HVC591147.htk
-rwxrwxr-x 1 drspeech real  1.1M Feb  9 21:45 HVC597104.htk
-rwxrwxr-x 1 drspeech real  428K Feb  9 21:45 HVC602688.htk
-rwxrwxr-x 1 drspeech real  1.4M Feb  9 21:45 HVC605240.htk
-rwxrwxr-x 1 drspeech real  2.4M Feb  9 21:45 HVC606315.htk
-rwxrwxr-x 1 drspeech real   93K Feb  9 21:45 HVC615626.htk
-rwxrwxr-x 1 drspeech real  3.4M Feb  9 21:45 HVC616948.htk
-rwxrwxr-x 1 drspeech real  2.2M Feb  9 21:45 HVC620320.htk
-rwxrwxr-x 1 drspeech real  830K Feb  9 21:45 HVC631691.htk
-rwxrwxr-x 1 drspeech real  270K Feb  9 21:45 HVC637907.htk
-rwxrwxr-x 1 drspeech real  3.5M Feb  9 21:45 HVC646345.htk
-rwxrwxr-x 1 drspeech real  3.9M Feb  9 21:45 HVC652043.htk
-rwxrwxr-x 1 drspeech real  490K Feb  9 21:45 HVC658517.htk
-rwxrwxr-x 1 drspeech real  717K Feb  9 21:45 HVC672564.htk
-rwxrwxr-x 1 drspeech real  1.2M Feb  9 21:45 HVC676565.htk
-rwxrwxr-x 1 drspeech real  1.5M Feb  9 21:45 HVC680956.htk
-rwxrwxr-x 1 drspeech real  1.6M Feb  9 21:45 HVC681821.htk
-rwxrwxr-x 1 drspeech real  1.7M Feb  9 21:45 HVC682794.htk
-rwxrwxr-x 1 drspeech real  1.4M Feb  9 21:45 HVC683835.htk
-rwxrwxr-x 1 drspeech real  1.1M Feb  9 21:45 HVC687278.htk
-rwxrwxr-x 1 drspeech real  1.5M Feb  9 21:45 HVC690639.htk
-rwxrwxr-x 1 drspeech real  3.5M Feb  9 21:45 HVC699748.htk
-rwxrwxr-x 1 drspeech real   95K Feb  9 21:45 HVC705168.htk
-rwxrwxr-x 1 drspeech real  886K Feb  9 21:45 HVC707236.htk
-rwxrwxr-x 1 drspeech real  3.7M Feb  9 21:45 HVC711253.htk
-rwxrwxr-x 1 drspeech real  3.9M Feb  9 21:45 HVC717615.htk
-rwxrwxr-x 1 drspeech real  2.5M Feb  9 21:45 HVC718274.htk
-rwxrwxr-x 1 drspeech real  168K Feb  9 21:45 HVC719228.htk
-rwxrwxr-x 1 drspeech real  182K Feb  9 21:45 HVC726373.htk
-rwxrwxr-x 1 drspeech real  2.1M Feb  9 21:45 HVC730049.htk
-rwxrwxr-x 1 drspeech real  521K Feb  9 21:45 HVC730081.htk
-rwxrwxr-x 1 drspeech real  1.7M Feb  9 21:45 HVC733376.htk
-rwxrwxr-x 1 drspeech real  841K Feb  9 21:45 HVC742499.htk
-rwxrwxr-x 1 drspeech real  1.3M Feb  9 21:45 HVC749106.htk
-rwxrwxr-x 1 drspeech real  1.6M Feb  9 21:45 HVC766498.htk
-rwxrwxr-x 1 drspeech real  341K Feb  9 21:45 HVC776608.htk
-rwxrwxr-x 1 drspeech real  135K Feb  9 21:45 HVC786536.htk
-rwxrwxr-x 1 drspeech real  129K Feb  9 21:45 HVC788532.htk
-rwxrwxr-x 1 drspeech real  2.6M Feb  9 21:45 HVC789034.htk
-rwxrwxr-x 1 drspeech real  3.5M Feb  9 21:45 HVC792251.htk
-rwxrwxr-x 1 drspeech real  132K Feb  9 21:45 HVC803719.htk
-rwxrwxr-x 1 drspeech real  110K Feb  9 21:45 HVC811971.htk
-rwxrwxr-x 1 drspeech real  1.8M Feb  9 21:45 HVC822060.htk
-rwxrwxr-x 1 drspeech real  692K Feb  9 21:45 HVC823377.htk
-rwxrwxr-x 1 drspeech real  1.7M Feb  9 21:45 HVC823657.htk
-rwxrwxr-x 1 drspeech real  1.2M Feb  9 21:45 HVC829585.htk
-rwxrwxr-x 1 drspeech real  103K Feb  9 21:45 HVC834162.htk
-rwxrwxr-x 1 drspeech real  4.4M Feb  9 21:45 HVC836424.htk
-rwxrwxr-x 1 drspeech real  1.3M Feb  9 21:45 HVC846668.htk
-rwxrwxr-x 1 drspeech real  2.2M Feb  9 21:45 HVC878334.htk
-rwxrwxr-x 1 drspeech real  1.1M Feb  9 21:45 HVC881736.htk
-rwxrwxr-x 1 drspeech real  997K Feb  9 21:45 HVC883718.htk
-rwxrwxr-x 1 drspeech real  5.0M Feb  9 21:45 HVC887091.htk
-rwxrwxr-x 1 drspeech real  4.7M Feb  9 21:45 HVC888814.htk
-rwxrwxr-x 1 drspeech real  4.9M Feb  9 21:45 HVC891523.htk
