-rwxrwxr-x 1 drspeech real 4.0M Feb  9 21:45 HVC013188.htk
-rwxrwxr-x 1 drspeech real 2.2M Feb  9 21:45 HVC021844.htk
-rwxrwxr-x 1 drspeech real 703K Feb  9 21:45 HVC027840.htk
-rwxrwxr-x 1 drspeech real 634K Feb  9 21:45 HVC027879.htk
-rwxrwxr-x 1 drspeech real 6.8M Feb  9 21:45 HVC028378.htk
-rwxrwxr-x 1 drspeech real 2.0M Feb  9 21:45 HVC043460.htk
-rwxrwxr-x 1 drspeech real 1.9M Feb  9 21:45 HVC050106.htk
-rwxrwxr-x 1 drspeech real 1.7M Feb  9 21:45 HVC053039.htk
-rwxrwxr-x 1 drspeech real 2.6M Feb  9 21:45 HVC055040.htk
-rwxrwxr-x 1 drspeech real 1.3M Feb  9 21:45 HVC056946.htk
-rwxrwxr-x 1 drspeech real 4.1M Feb  9 21:45 HVC057164.htk
-rwxrwxr-x 1 drspeech real 1.7M Feb  9 21:45 HVC057244.htk
-rwxrwxr-x 1 drspeech real 1.5M Feb  9 21:45 HVC067449.htk
-rwxrwxr-x 1 drspeech real 635K Feb  9 21:45 HVC070937.htk
-rwxrwxr-x 1 drspeech real 2.4M Feb  9 21:45 HVC075150.htk
-rwxrwxr-x 1 drspeech real 1.1M Feb  9 21:45 HVC080067.htk
-rwxrwxr-x 1 drspeech real 495K Feb  9 21:45 HVC081166.htk
-rwxrwxr-x 1 drspeech real 1.2M Feb  9 21:45 HVC084897.htk
-rwxrwxr-x 1 drspeech real 1.8M Feb  9 21:45 HVC087496.htk
-rwxrwxr-x 1 drspeech real 2.9M Feb  9 21:45 HVC090118.htk
-rwxrwxr-x 1 drspeech real 703K Feb  9 21:45 HVC090439.htk
-rwxrwxr-x 1 drspeech real 1.5M Feb  9 21:45 HVC092481.htk
-rwxrwxr-x 1 drspeech real 2.1M Feb  9 21:45 HVC110256.htk
-rwxrwxr-x 1 drspeech real 956K Feb  9 21:45 HVC114107.htk
-rwxrwxr-x 1 drspeech real 864K Feb  9 21:45 HVC115550.htk
-rwxrwxr-x 1 drspeech real 1.1M Feb  9 21:45 HVC117893.htk
-rwxrwxr-x 1 drspeech real 3.1M Feb  9 21:45 HVC118292.htk
-rwxrwxr-x 1 drspeech real 1.2M Feb  9 21:45 HVC121841.htk
-rwxrwxr-x 1 drspeech real 379K Feb  9 21:45 HVC127982.htk
-rwxrwxr-x 1 drspeech real 3.9M Feb  9 21:45 HVC131494.htk
-rwxrwxr-x 1 drspeech real 723K Feb  9 21:45 HVC132114.htk
-rwxrwxr-x 1 drspeech real 1.3M Feb  9 21:45 HVC148914.htk
-rwxrwxr-x 1 drspeech real 1.1M Feb  9 21:45 HVC164420.htk
-rwxrwxr-x 1 drspeech real 1.5M Feb  9 21:45 HVC168889.htk
-rwxrwxr-x 1 drspeech real 3.7M Feb  9 21:45 HVC188853.htk
-rwxrwxr-x 1 drspeech real 2.8M Feb  9 21:45 HVC192860.htk
-rwxrwxr-x 1 drspeech real 864K Feb  9 21:45 HVC198167.htk
-rwxrwxr-x 1 drspeech real 623K Feb  9 21:45 HVC200173.htk
-rwxrwxr-x 1 drspeech real 1.8M Feb  9 21:45 HVC217227.htk
-rwxrwxr-x 1 drspeech real 797K Feb  9 21:45 HVC220724.htk
-rwxrwxr-x 1 drspeech real 840K Feb  9 21:45 HVC232523.htk
-rwxrwxr-x 1 drspeech real 6.6M Feb  9 21:45 HVC237868.htk
-rwxrwxr-x 1 drspeech real 1.1M Feb  9 21:45 HVC239317.htk
-rwxrwxr-x 1 drspeech real 373K Feb  9 21:45 HVC240101.htk
-rwxrwxr-x 1 drspeech real 2.3M Feb  9 21:45 HVC240983.htk
-rwxrwxr-x 1 drspeech real 4.3M Feb  9 21:45 HVC244418.htk
-rwxrwxr-x 1 drspeech real 5.9M Feb  9 21:45 HVC256062.htk
-rwxrwxr-x 1 drspeech real 539K Feb  9 21:45 HVC274889.htk
-rwxrwxr-x 1 drspeech real 728K Feb  9 21:45 HVC280004.htk
-rwxrwxr-x 1 drspeech real 8.1M Feb  9 21:45 HVC284062.htk
-rwxrwxr-x 1 drspeech real 575K Feb  9 21:45 HVC284420.htk
-rwxrwxr-x 1 drspeech real 1.3M Feb  9 21:45 HVC291067.htk
-rwxrwxr-x 1 drspeech real 573K Feb  9 21:45 HVC297552.htk
-rwxrwxr-x 1 drspeech real 1.3M Feb  9 21:45 HVC302964.htk
-rwxrwxr-x 1 drspeech real 1.1M Feb  9 21:45 HVC305398.htk
-rwxrwxr-x 1 drspeech real 385K Feb  9 21:45 HVC317191.htk
-rwxrwxr-x 1 drspeech real 521K Feb  9 21:45 HVC318186.htk
-rwxrwxr-x 1 drspeech real 1.1M Feb  9 21:45 HVC319130.htk
-rwxrwxr-x 1 drspeech real 710K Feb  9 21:45 HVC329241.htk
-rwxrwxr-x 1 drspeech real 384K Feb  9 21:45 HVC330358.htk
-rwxrwxr-x 1 drspeech real 4.1M Feb  9 21:45 HVC330734.htk
-rwxrwxr-x 1 drspeech real 1.1M Feb  9 21:45 HVC331229.htk
-rwxrwxr-x 1 drspeech real 1.8M Feb  9 21:45 HVC331444.htk
-rwxrwxr-x 1 drspeech real 2.8M Feb  9 21:45 HVC333068.htk
-rwxrwxr-x 1 drspeech real 1.5M Feb  9 21:45 HVC333217.htk
-rwxrwxr-x 1 drspeech real 374K Feb  9 21:45 HVC337634.htk
-rwxrwxr-x 1 drspeech real 1.8M Feb  9 21:45 HVC337743.htk
-rwxrwxr-x 1 drspeech real  14M Feb  9 21:45 HVC342710.htk
-rwxrwxr-x 1 drspeech real 4.1M Feb  9 21:45 HVC357788.htk
-rwxrwxr-x 1 drspeech real 583K Feb  9 21:45 HVC358793.htk
-rwxrwxr-x 1 drspeech real 4.8M Feb  9 21:45 HVC371186.htk
-rwxrwxr-x 1 drspeech real 2.5M Feb  9 21:45 HVC372625.htk
-rwxrwxr-x 1 drspeech real 1.2M Feb  9 21:45 HVC378891.htk
-rwxrwxr-x 1 drspeech real 760K Feb  9 21:45 HVC381000.htk
-rwxrwxr-x 1 drspeech real 2.0M Feb  9 21:45 HVC381541.htk
-rwxrwxr-x 1 drspeech real 1.3M Feb  9 21:45 HVC385947.htk
-rwxrwxr-x 1 drspeech real 1.3M Feb  9 21:45 HVC386562.htk
-rwxrwxr-x 1 drspeech real 921K Feb  9 21:45 HVC397476.htk
-rwxrwxr-x 1 drspeech real 375K Feb  9 21:45 HVC406511.htk
-rwxrwxr-x 1 drspeech real 4.3M Feb  9 21:45 HVC419946.htk
-rwxrwxr-x 1 drspeech real 1.2M Feb  9 21:45 HVC425921.htk
-rwxrwxr-x 1 drspeech real 635K Feb  9 21:45 HVC426636.htk
-rwxrwxr-x 1 drspeech real 395K Feb  9 21:45 HVC448233.htk
-rwxrwxr-x 1 drspeech real 1.2M Feb  9 21:45 HVC450975.htk
-rwxrwxr-x 1 drspeech real 986K Feb  9 21:45 HVC454146.htk
-rwxrwxr-x 1 drspeech real 1.1M Apr 20  2011 HVC461207.htk
-rwxrwxr-x 1 drspeech real 1.7M Feb  9 21:45 HVC468846.htk
-rwxrwxr-x 1 drspeech real 980K Feb  9 21:45 HVC505164.htk
-rwxrwxr-x 1 drspeech real 3.1M Feb  9 21:45 HVC508446.htk
-rwxrwxr-x 1 drspeech real 703K Feb  9 21:45 HVC518505.htk
-rwxrwxr-x 1 drspeech real 3.2M Feb  9 21:45 HVC524155.htk
-rwxrwxr-x 1 drspeech real 2.6M Feb  9 21:45 HVC526932.htk
-rwxrwxr-x 1 drspeech real 2.8M Feb  9 21:45 HVC528086.htk
-rwxrwxr-x 1 drspeech real 1.2M Feb  9 21:45 HVC533619.htk
-rwxrwxr-x 1 drspeech real 3.9M Feb  9 21:45 HVC543259.htk
-rwxrwxr-x 1 drspeech real 2.3M Feb  9 21:45 HVC557970.htk
-rwxrwxr-x 1 drspeech real 725K Feb  9 21:45 HVC562914.htk
-rwxrwxr-x 1 drspeech real 1.3M Feb  9 21:45 HVC563762.htk
-rwxrwxr-x 1 drspeech real 2.9M Feb  9 21:45 HVC568424.htk
-rwxrwxr-x 1 drspeech real 2.3M Feb  9 21:45 HVC568645.htk
-rwxrwxr-x 1 drspeech real 534K Feb  9 21:45 HVC569270.htk
-rwxrwxr-x 1 drspeech real 599K Feb  9 21:45 HVC572422.htk
-rwxrwxr-x 1 drspeech real 663K Feb  9 21:45 HVC572908.htk
-rwxrwxr-x 1 drspeech real 1.1M Feb  9 21:45 HVC575229.htk
-rwxrwxr-x 1 drspeech real 1.9M Feb  9 21:45 HVC575738.htk
-rwxrwxr-x 1 drspeech real 551K Feb  9 21:45 HVC577808.htk
-rwxrwxr-x 1 drspeech real 7.3M Feb  9 21:45 HVC588610.htk
-rwxrwxr-x 1 drspeech real 2.4M Feb  9 21:45 HVC602589.htk
-rwxrwxr-x 1 drspeech real 1.8M Feb  9 21:45 HVC613614.htk
-rwxrwxr-x 1 drspeech real 1.1M Feb  9 21:45 HVC617138.htk
-rwxrwxr-x 1 drspeech real 1.1M Feb  9 21:45 HVC620742.htk
-rwxrwxr-x 1 drspeech real 1.5M Feb  9 21:45 HVC621080.htk
-rwxrwxr-x 1 drspeech real 1.6M Feb  9 21:45 HVC622215.htk
-rwxrwxr-x 1 drspeech real 294K Feb  9 21:45 HVC633752.htk
-rwxrwxr-x 1 drspeech real 1.3M Feb  9 21:45 HVC639090.htk
-rwxrwxr-x 1 drspeech real 763K Feb  9 21:45 HVC648237.htk
-rwxrwxr-x 1 drspeech real 920K Feb  9 21:45 HVC650616.htk
-rwxrwxr-x 1 drspeech real 3.6M Feb  9 21:45 HVC652771.htk
-rwxrwxr-x 1 drspeech real 774K Feb  9 21:45 HVC669143.htk
-rwxrwxr-x 1 drspeech real 6.3M Feb  9 21:45 HVC678577.htk
-rwxrwxr-x 1 drspeech real 164K Feb  9 21:45 HVC685238.htk
-rwxrwxr-x 1 drspeech real 2.4M Feb  9 21:45 HVC686035.htk
-rwxrwxr-x 1 drspeech real 751K Feb  9 21:45 HVC686083.htk
-rwxrwxr-x 1 drspeech real 563K Feb  9 21:45 HVC690403.htk
-rwxrwxr-x 1 drspeech real 340K Feb  9 21:45 HVC693882.htk
-rwxrwxr-x 1 drspeech real 486K Feb  9 21:45 HVC698972.htk
-rwxrwxr-x 1 drspeech real 2.7M Feb  9 21:45 HVC699015.htk
-rwxrwxr-x 1 drspeech real 1.7M Feb  9 21:45 HVC724149.htk
-rwxrwxr-x 1 drspeech real 3.0M Feb  9 21:45 HVC725414.htk
-rwxrwxr-x 1 drspeech real 871K Feb  9 21:45 HVC732985.htk
-rwxrwxr-x 1 drspeech real 3.3M Feb  9 21:45 HVC738245.htk
-rwxrwxr-x 1 drspeech real 2.0M Feb  9 21:45 HVC742544.htk
-rwxrwxr-x 1 drspeech real 2.5M Feb  9 21:45 HVC765357.htk
-rwxrwxr-x 1 drspeech real 1.1M Feb  9 21:45 HVC765442.htk
-rwxrwxr-x 1 drspeech real 999K Feb  9 21:45 HVC768066.htk
-rwxrwxr-x 1 drspeech real 1.2M Feb  9 21:45 HVC781040.htk
-rwxrwxr-x 1 drspeech real 2.0M Feb  9 21:45 HVC781550.htk
-rwxrwxr-x 1 drspeech real 1.4M Feb  9 21:45 HVC787358.htk
-rwxrwxr-x 1 drspeech real 1.7M Feb  9 21:45 HVC788059.htk
-rwxrwxr-x 1 drspeech real 1.8M Feb  9 21:45 HVC792707.htk
-rwxrwxr-x 1 drspeech real 245K Feb  9 21:45 HVC800578.htk
-rwxrwxr-x 1 drspeech real 722K Feb  9 21:45 HVC804688.htk
-rwxrwxr-x 1 drspeech real 4.5M Feb  9 21:45 HVC805254.htk
-rwxrwxr-x 1 drspeech real 1.2M Feb  9 21:45 HVC805769.htk
-rwxrwxr-x 1 drspeech real 3.0M Feb  9 21:45 HVC820877.htk
-rwxrwxr-x 1 drspeech real 5.3M Feb  9 21:45 HVC826976.htk
-rwxrwxr-x 1 drspeech real 2.6M Feb  9 21:45 HVC827162.htk
-rwxrwxr-x 1 drspeech real 1.1M Feb  9 21:45 HVC831492.htk
-rwxrwxr-x 1 drspeech real 450K Feb  9 21:45 HVC843356.htk
-rwxrwxr-x 1 drspeech real 1.3M Feb  9 21:45 HVC843604.htk
-rwxrwxr-x 1 drspeech real 1.5M Feb  9 21:45 HVC848042.htk
-rwxrwxr-x 1 drspeech real 1.4M Feb  9 21:45 HVC852977.htk
-rwxrwxr-x 1 drspeech real 1.2M Feb  9 21:45 HVC860018.htk
-rwxrwxr-x 1 drspeech real 2.8M Feb  9 21:45 HVC860974.htk
-rwxrwxr-x 1 drspeech real 3.6M Feb  9 21:45 HVC862982.htk
-rwxrwxr-x 1 drspeech real 352K Feb  9 21:45 HVC868918.htk
-rwxrwxr-x 1 drspeech real 2.2M Feb  9 21:45 HVC875036.htk
-rwxrwxr-x 1 drspeech real 588K Feb  9 21:45 HVC876313.htk
-rwxrwxr-x 1 drspeech real 1.2M Feb  9 21:45 HVC885657.htk
-rwxrwxr-x 1 drspeech real 1.4M Feb  9 21:45 HVC893844.htk

