-rwxrwxr-x 1 drspeech real 1.1M Feb  9 21:44 HVC002471.htk
-rwxrwxr-x 1 drspeech real 2.2M Feb  9 21:44 HVC010290.htk
-rwxrwxr-x 1 drspeech real 9.3M Feb  9 21:44 HVC011142.htk
-rwxrwxr-x 1 drspeech real 2.3M Feb  9 21:44 HVC013116.htk
-rwxrwxr-x 1 drspeech real 1.2M Feb  9 21:44 HVC022125.htk
-rwxrwxr-x 1 drspeech real 5.3M Feb  9 21:44 HVC026646.htk
-rwxrwxr-x 1 drspeech real 7.0M Feb  9 21:44 HVC030573.htk
-rwxrwxr-x 1 drspeech real 3.4M Feb  9 21:44 HVC050909.htk
-rwxrwxr-x 1 drspeech real 4.1M Feb  9 21:44 HVC051190.htk
-rwxrwxr-x 1 drspeech real 1.2M Feb  9 21:44 HVC056660.htk
-rwxrwxr-x 1 drspeech real 4.7M Feb  9 21:44 HVC057936.htk
-rwxrwxr-x 1 drspeech real 3.1M Feb  9 21:44 HVC079114.htk
-rwxrwxr-x 1 drspeech real 1.1M Feb  9 21:44 HVC084129.htk
-rwxrwxr-x 1 drspeech real 3.4M Feb  9 21:44 HVC088732.htk
-rwxrwxr-x 1 drspeech real 1.4M Feb  9 21:44 HVC094992.htk
-rwxrwxr-x 1 drspeech real 4.1M Feb  9 21:44 HVC097830.htk
-rwxrwxr-x 1 drspeech real 1.5M Feb  9 21:44 HVC097953.htk
-rwxrwxr-x 1 drspeech real 2.3M Feb  9 21:44 HVC113117.htk
-rwxrwxr-x 1 drspeech real 1.1M Feb  9 21:44 HVC123174.htk
-rwxrwxr-x 1 drspeech real 2.7M Feb  9 21:44 HVC134881.htk
-rwxrwxr-x 1 drspeech real 8.3M Feb  9 21:44 HVC140256.htk
-rwxrwxr-x 1 drspeech real 972K Feb  9 21:44 HVC142647.htk
-rwxrwxr-x 1 drspeech real 4.8M Feb  9 21:44 HVC142782.htk
-rwxrwxr-x 1 drspeech real  14M Feb  9 21:44 HVC160009.htk
-rwxrwxr-x 1 drspeech real 7.2M Feb  9 21:44 HVC165613.htk
-rwxrwxr-x 1 drspeech real 1.1M Feb  9 21:44 HVC170767.htk
-rwxrwxr-x 1 drspeech real 1.4M Feb  9 21:44 HVC171466.htk
-rwxrwxr-x 1 drspeech real 2.4M Feb  9 21:44 HVC173530.htk
-rwxrwxr-x 1 drspeech real 2.4M Feb  9 21:44 HVC179653.htk
-rwxrwxr-x 1 drspeech real 454K Feb  9 21:44 HVC207596.htk
-rwxrwxr-x 1 drspeech real 3.7M Feb  9 21:44 HVC220088.htk
-rwxrwxr-x 1 drspeech real 1.3M Feb  9 21:44 HVC232520.htk
-rwxrwxr-x 1 drspeech real 2.8M Feb  9 21:44 HVC237814.htk
-rwxrwxr-x 1 drspeech real  10M Feb  9 21:44 HVC241109.htk
-rwxrwxr-x 1 drspeech real 2.9M Feb  9 21:44 HVC250919.htk
-rwxrwxr-x 1 drspeech real 3.9M Feb  9 21:44 HVC260684.htk
-rwxrwxr-x 1 drspeech real 5.7M Feb  9 21:44 HVC263516.htk
-rwxrwxr-x 1 drspeech real 5.5M Feb  9 21:44 HVC264875.htk
-rwxrwxr-x 1 drspeech real 4.4M Feb  9 21:44 HVC272944.htk
-rwxrwxr-x 1 drspeech real 9.1M Feb  9 21:44 HVC275841.htk
-rwxrwxr-x 1 drspeech real 1.7M Feb  9 21:44 HVC301641.htk
-rwxrwxr-x 1 drspeech real 2.4M Feb  9 21:44 HVC309727.htk
-rwxrwxr-x 1 drspeech real 240K Feb  9 21:44 HVC311021.htk
-rwxrwxr-x 1 drspeech real 2.0M Feb  9 21:44 HVC319510.htk
-rwxrwxr-x 1 drspeech real 1.3M Apr 20  2011 HVC319532.htk
-rwxrwxr-x 1 drspeech real 3.7M Feb  9 21:44 HVC324098.htk
-rwxrwxr-x 1 drspeech real 2.9M Feb  9 21:44 HVC333949.htk
-rwxrwxr-x 1 drspeech real 3.6M Feb  9 21:44 HVC334179.htk
-rwxrwxr-x 1 drspeech real 5.7M Feb  9 21:44 HVC339086.htk
-rwxrwxr-x 1 drspeech real 678K Feb  9 21:44 HVC346678.htk
-rwxrwxr-x 1 drspeech real 1.2M Apr 20  2011 HVC349659.htk
-rwxrwxr-x 1 drspeech real 4.5M Feb  9 21:44 HVC357301.htk
-rwxrwxr-x 1 drspeech real 957K Feb  9 21:44 HVC359764.htk
-rwxrwxr-x 1 drspeech real  11M Feb  9 21:44 HVC359906.htk
-rwxrwxr-x 1 drspeech real 533K Feb  9 21:44 HVC366975.htk
-rwxrwxr-x 1 drspeech real  32M Feb  9 21:44 HVC367820.htk
-rwxrwxr-x 1 drspeech real 558K Feb  9 21:44 HVC381826.htk
-rwxrwxr-x 1 drspeech real 6.5M Feb  9 21:44 HVC390470.htk
-rwxrwxr-x 1 drspeech real 3.4M Feb  9 21:44 HVC392637.htk
-rwxrwxr-x 1 drspeech real 3.7M Feb  9 21:44 HVC401883.htk
-rwxrwxr-x 1 drspeech real 1.7M Feb  9 21:44 HVC406294.htk
-rwxrwxr-x 1 drspeech real 4.0M Feb  9 21:44 HVC425997.htk
-rwxrwxr-x 1 drspeech real  12M Feb  9 21:44 HVC437054.htk
-rwxrwxr-x 1 drspeech real 3.6M Feb  9 21:44 HVC452915.htk
-rwxrwxr-x 1 drspeech real 1.5M Feb  9 21:44 HVC464072.htk
-rwxrwxr-x 1 drspeech real 985K Feb  9 21:44 HVC465110.htk
-rwxrwxr-x 1 drspeech real 5.1M Feb  9 21:44 HVC474294.htk
-rwxrwxr-x 1 drspeech real 4.7M Feb  9 21:44 HVC475360.htk
-rwxrwxr-x 1 drspeech real 1.8M Feb  9 21:44 HVC484876.htk
-rwxrwxr-x 1 drspeech real 1.5M Feb  9 21:44 HVC489318.htk
-rwxrwxr-x 1 drspeech real 3.3M Feb  9 21:44 HVC493860.htk
-rwxrwxr-x 1 drspeech real 1.2M Feb  9 21:44 HVC505619.htk
-rwxrwxr-x 1 drspeech real 1.6M Feb  9 21:44 HVC512371.htk
-rwxrwxr-x 1 drspeech real 1.5M Feb  9 21:44 HVC512747.htk
-rwxrwxr-x 1 drspeech real 4.3M Feb  9 21:44 HVC516601.htk
-rwxrwxr-x 1 drspeech real  14M Feb  9 21:44 HVC521057.htk
-rwxrwxr-x 1 drspeech real 6.2M Feb  9 21:44 HVC525411.htk
-rwxrwxr-x 1 drspeech real 4.9M Feb  9 21:44 HVC543004.htk
-rwxrwxr-x 1 drspeech real 1.1M Feb  9 21:44 HVC544293.htk
-rwxrwxr-x 1 drspeech real 2.0M Feb  9 21:44 HVC548415.htk
-rwxrwxr-x 1 drspeech real 1.7M Feb  9 21:44 HVC564280.htk
-rwxrwxr-x 1 drspeech real 993K Feb  9 21:44 HVC569017.htk
-rwxrwxr-x 1 drspeech real 862K Feb  9 21:44 HVC576054.htk
-rwxrwxr-x 1 drspeech real 1.3M Feb  9 21:44 HVC576211.htk
-rwxrwxr-x 1 drspeech real 3.9M Feb  9 21:44 HVC580162.htk
-rwxrwxr-x 1 drspeech real 5.7M Feb  9 21:44 HVC580360.htk
-rwxrwxr-x 1 drspeech real 6.5M Feb  9 21:44 HVC586546.htk
-rwxrwxr-x 1 drspeech real 2.3M Feb  9 21:44 HVC588380.htk
-rwxrwxr-x 1 drspeech real 1.3M Feb  9 21:44 HVC590331.htk
-rwxrwxr-x 1 drspeech real 1.6M Feb  9 21:44 HVC594719.htk
-rwxrwxr-x 1 drspeech real 2.4M Feb  9 21:44 HVC614231.htk
-rwxrwxr-x 1 drspeech real 924K Feb  9 21:44 HVC617286.htk
-rwxrwxr-x 1 drspeech real 2.7M Feb  9 21:44 HVC621642.htk
-rwxrwxr-x 1 drspeech real 5.1M Feb  9 21:44 HVC644560.htk
-rwxrwxr-x 1 drspeech real 6.4M Feb  9 21:44 HVC648942.htk
-rwxrwxr-x 1 drspeech real 1.6M Feb  9 21:44 HVC650537.htk
-rwxrwxr-x 1 drspeech real 1.9M Feb  9 21:44 HVC650710.htk
-rwxrwxr-x 1 drspeech real  11M Feb  9 21:44 HVC659528.htk
-rwxrwxr-x 1 drspeech real 2.0M Feb  9 21:44 HVC699256.htk
-rwxrwxr-x 1 drspeech real 5.1M Feb  9 21:44 HVC706735.htk
-rwxrwxr-x 1 drspeech real 6.7M Feb  9 21:44 HVC711312.htk
-rwxrwxr-x 1 drspeech real 3.9M Feb  9 21:44 HVC714194.htk
-rwxrwxr-x 1 drspeech real 1.6M Feb  9 21:44 HVC732336.htk
-rwxrwxr-x 1 drspeech real 5.0M Feb  9 21:44 HVC735666.htk
-rwxrwxr-x 1 drspeech real 1.6M Feb  9 21:44 HVC736473.htk
-rwxrwxr-x 1 drspeech real 3.9M Feb  9 21:44 HVC737048.htk
-rwxrwxr-x 1 drspeech real 3.0M Feb  9 21:44 HVC737610.htk
-rwxrwxr-x 1 drspeech real 8.2M Feb  9 21:44 HVC766947.htk
-rwxrwxr-x 1 drspeech real 846K Feb  9 21:44 HVC770038.htk
-rwxrwxr-x 1 drspeech real 1.1M Feb  9 21:44 HVC779856.htk
-rwxrwxr-x 1 drspeech real 4.6M Feb  9 21:44 HVC788750.htk
-rwxrwxr-x 1 drspeech real 673K Feb  9 21:44 HVC813558.htk
-rwxrwxr-x 1 drspeech real 3.4M Feb  9 21:44 HVC816785.htk
-rwxrwxr-x 1 drspeech real 3.9M Feb  9 21:44 HVC819685.htk
-rwxrwxr-x 1 drspeech real 5.7M Feb  9 21:44 HVC832818.htk
-rwxrwxr-x 1 drspeech real 911K Feb  9 21:44 HVC835953.htk
-rwxrwxr-x 1 drspeech real 703K Feb  9 21:44 HVC850333.htk
-rwxrwxr-x 1 drspeech real 4.8M Feb  9 21:44 HVC858361.htk
-rwxrwxr-x 1 drspeech real 6.7M Feb  9 21:44 HVC859587.htk
