-rwxrwxr-x 1 drspeech real  23M Feb  9 21:44 HVC002194.htk
-rwxrwxr-x 1 drspeech real 5.4M Feb  9 21:44 HVC006498.htk
-rwxrwxr-x 1 drspeech real 681K Feb  9 21:44 HVC017259.htk
-rwxrwxr-x 1 drspeech real 3.2M Feb  9 21:44 HVC017564.htk
-rwxrwxr-x 1 drspeech real  19M Feb  9 21:44 HVC020563.htk
-rwxrwxr-x 1 drspeech real 151K Feb  9 21:44 HVC028110.htk
-rwxrwxr-x 1 drspeech real 740K Feb  9 21:44 HVC032638.htk
-rwxrwxr-x 1 drspeech real 5.4M Feb  9 21:44 HVC032883.htk
-rwxrwxr-x 1 drspeech real 3.3M Feb  9 21:44 HVC037683.htk
-rwxrwxr-x 1 drspeech real 6.3M Feb  9 21:44 HVC041266.htk
-rwxrwxr-x 1 drspeech real 5.5M Feb  9 21:44 HVC046116.htk
-rwxrwxr-x 1 drspeech real 4.6M Feb  9 21:44 HVC053311.htk
-rwxrwxr-x 1 drspeech real  14M Feb  9 21:44 HVC062818.htk
-rwxrwxr-x 1 drspeech real 370K Feb  9 21:44 HVC064403.htk
-rwxrwxr-x 1 drspeech real 4.9M Feb  9 21:44 HVC069023.htk
-rwxrwxr-x 1 drspeech real 6.7M Feb  9 21:44 HVC072350.htk
-rwxrwxr-x 1 drspeech real 5.5M Feb  9 21:44 HVC074600.htk
-rwxrwxr-x 1 drspeech real 2.1M Feb  9 21:44 HVC080138.htk
-rwxrwxr-x 1 drspeech real 5.3M Feb  9 21:44 HVC086950.htk
-rwxrwxr-x 1 drspeech real 5.8M Feb  9 21:44 HVC087373.htk
-rwxrwxr-x 1 drspeech real 8.3M Feb  9 21:44 HVC096396.htk
-rwxrwxr-x 1 drspeech real 1.1M Feb  9 21:44 HVC099975.htk
-rwxrwxr-x 1 drspeech real 2.4M Feb  9 21:44 HVC104148.htk
-rwxrwxr-x 1 drspeech real 778K Feb  9 21:44 HVC118260.htk
-rwxrwxr-x 1 drspeech real 2.1M Feb  9 21:44 HVC122310.htk
-rwxrwxr-x 1 drspeech real 3.2M Feb  9 21:44 HVC128242.htk
-rwxrwxr-x 1 drspeech real 5.1M Feb  9 21:44 HVC129154.htk
-rwxrwxr-x 1 drspeech real 9.3M Feb  9 21:44 HVC132154.htk
-rwxrwxr-x 1 drspeech real 7.0M Feb  9 21:44 HVC135119.htk
-rwxrwxr-x 1 drspeech real 5.8M Feb  9 21:44 HVC141088.htk
-rwxrwxr-x 1 drspeech real 5.9M Feb  9 21:44 HVC143703.htk
-rwxrwxr-x 1 drspeech real 4.6M Feb  9 21:44 HVC144025.htk
-rwxrwxr-x 1 drspeech real 3.0M Apr 20  2011 HVC145707.htk
-rwxrwxr-x 1 drspeech real 5.0M Apr 20  2011 HVC151805.htk
-rwxrwxr-x 1 drspeech real 3.8M Apr 20  2011 HVC156787.htk
-rwxrwxr-x 1 drspeech real 583K Apr 20  2011 HVC160818.htk
-rwxrwxr-x 1 drspeech real 5.2M Apr 20  2011 HVC169716.htk
-rwxrwxr-x 1 drspeech real 5.6M Apr 20  2011 HVC173306.htk
-rwxrwxr-x 1 drspeech real  17M Apr 20  2011 HVC187134.htk
-rwxrwxr-x 1 drspeech real 2.8M Apr 20  2011 HVC191915.htk
-rwxrwxr-x 1 drspeech real 4.9M Apr 20  2011 HVC199590.htk
-rwxrwxr-x 1 drspeech real 4.8M Apr 20  2011 HVC207621.htk
-rwxrwxr-x 1 drspeech real 5.3M Apr 20  2011 HVC216485.htk
-rwxrwxr-x 1 drspeech real 784K Apr 20  2011 HVC217451.htk
-rwxrwxr-x 1 drspeech real 9.6M Apr 20  2011 HVC224183.htk
-rwxrwxr-x 1 drspeech real 2.1M Apr 20  2011 HVC227619.htk
-rwxrwxr-x 1 drspeech real 2.1M Apr 20  2011 HVC227629.htk
-rwxrwxr-x 1 drspeech real 5.5M Apr 20  2011 HVC238985.htk
-rwxrwxr-x 1 drspeech real  23M Apr 20  2011 HVC239981.htk
-rwxrwxr-x 1 drspeech real 7.4M Apr 20  2011 HVC255020.htk
-rwxrwxr-x 1 drspeech real 6.5M Apr 20  2011 HVC256953.htk
-rwxrwxr-x 1 drspeech real 5.1M Apr 20  2011 HVC257153.htk
-rwxrwxr-x 1 drspeech real 5.3M Apr 20  2011 HVC260610.htk
-rwxrwxr-x 1 drspeech real 5.2M Apr 20  2011 HVC270837.htk
-rwxrwxr-x 1 drspeech real 2.7M Apr 20  2011 HVC273688.htk
-rwxrwxr-x 1 drspeech real 769K Apr 20  2011 HVC289649.htk
-rwxrwxr-x 1 drspeech real 5.9M Apr 20  2011 HVC290509.htk
-rwxrwxr-x 1 drspeech real 5.8M Apr 20  2011 HVC314148.htk
-rwxrwxr-x 1 drspeech real 1.2M Apr 20  2011 HVC314622.htk
-rwxrwxr-x 1 drspeech real 6.1M Apr 20  2011 HVC320733.htk
-rwxrwxr-x 1 drspeech real 3.9M Apr 20  2011 HVC344261.htk
-rwxrwxr-x 1 drspeech real 1.0M Apr 20  2011 HVC344981.htk
-rwxrwxr-x 1 drspeech real 5.1M Apr 20  2011 HVC352641.htk
-rwxrwxr-x 1 drspeech real 3.9M Apr 20  2011 HVC354277.htk
-rwxrwxr-x 1 drspeech real 3.4M Apr 20  2011 HVC357043.htk
-rwxrwxr-x 1 drspeech real 5.3M Apr 20  2011 HVC373590.htk
-rwxrwxr-x 1 drspeech real 6.0M Apr 20  2011 HVC386315.htk
-rwxrwxr-x 1 drspeech real 5.2M Feb  9 21:44 HVC387362.htk
-rwxrwxr-x 1 drspeech real 2.3M Feb  9 21:44 HVC388379.htk
-rwxrwxr-x 1 drspeech real 5.8M Feb  9 21:44 HVC393854.htk
-rwxrwxr-x 1 drspeech real 6.8M Feb  9 21:44 HVC408909.htk
-rwxrwxr-x 1 drspeech real 1.1M Feb  9 21:44 HVC418580.htk
-rwxrwxr-x 1 drspeech real 5.7M Feb  9 21:44 HVC421799.htk
-rwxrwxr-x 1 drspeech real 5.1M Feb  9 21:44 HVC454515.htk
-rwxrwxr-x 1 drspeech real 7.2M Feb  9 21:44 HVC459112.htk
-rwxrwxr-x 1 drspeech real 5.6M Feb  9 21:44 HVC477496.htk
-rwxrwxr-x 1 drspeech real 1.2M Feb  9 21:44 HVC478853.htk
-rwxrwxr-x 1 drspeech real 4.0M Feb  9 21:44 HVC501898.htk
-rwxrwxr-x 1 drspeech real 8.3M Feb  9 21:44 HVC501995.htk
-rwxrwxr-x 1 drspeech real 7.9M Feb  9 21:44 HVC504909.htk
-rwxrwxr-x 1 drspeech real 6.1M Feb  9 21:44 HVC516867.htk
-rwxrwxr-x 1 drspeech real 2.1M Feb  9 21:44 HVC533832.htk
-rwxrwxr-x 1 drspeech real  15M Feb  9 21:44 HVC534412.htk
-rwxrwxr-x 1 drspeech real 8.6M Feb  9 21:44 HVC534905.htk
-rwxrwxr-x 1 drspeech real  14M Feb  9 21:44 HVC552683.htk
-rwxrwxr-x 1 drspeech real 5.1M Feb  9 21:44 HVC564882.htk
-rwxrwxr-x 1 drspeech real 5.4M Feb  9 21:44 HVC566346.htk
-rwxrwxr-x 1 drspeech real 961K Feb  9 21:44 HVC566365.htk
-rwxrwxr-x 1 drspeech real 7.0M Feb  9 21:44 HVC573726.htk
-rwxrwxr-x 1 drspeech real 259K Feb  9 21:44 HVC602555.htk
-rwxrwxr-x 1 drspeech real 8.0M Feb  9 21:44 HVC606182.htk
-rwxrwxr-x 1 drspeech real 4.5M Feb  9 21:44 HVC607421.htk
-rwxrwxr-x 1 drspeech real 950K Feb  9 21:44 HVC618343.htk
-rwxrwxr-x 1 drspeech real 4.2M Feb  9 21:44 HVC622940.htk
-rwxrwxr-x 1 drspeech real 8.9M Feb  9 21:44 HVC631950.htk
-rwxrwxr-x 1 drspeech real 2.0M Feb  9 21:44 HVC636230.htk
-rwxrwxr-x 1 drspeech real 506K Feb  9 21:44 HVC641088.htk
-rwxrwxr-x 1 drspeech real 2.1M Feb  9 21:44 HVC647848.htk
-rwxrwxr-x 1 drspeech real 3.0M Feb  9 21:44 HVC657915.htk
-rwxrwxr-x 1 drspeech real 5.7M Feb  9 21:44 HVC665516.htk
-rwxrwxr-x 1 drspeech real 1.1M Feb  9 21:44 HVC670060.htk
-rwxrwxr-x 1 drspeech real 5.4M Feb  9 21:44 HVC673789.htk
-rwxrwxr-x 1 drspeech real  14M Feb  9 21:44 HVC679045.htk
-rwxrwxr-x 1 drspeech real 5.3M Feb  9 21:44 HVC689791.htk
-rwxrwxr-x 1 drspeech real 2.4M Feb  9 21:44 HVC691867.htk
-rwxrwxr-x 1 drspeech real 193K Feb  9 21:44 HVC694478.htk
-rwxrwxr-x 1 drspeech real 2.5M Feb  9 21:44 HVC696623.htk
-rwxrwxr-x 1 drspeech real 1.8M Feb  9 21:44 HVC701564.htk
-rwxrwxr-x 1 drspeech real 6.1M Feb  9 21:44 HVC726255.htk
-rwxrwxr-x 1 drspeech real 5.3M Feb  9 21:44 HVC729977.htk
-rwxrwxr-x 1 drspeech real 5.5M Feb  9 21:44 HVC734829.htk
-rwxrwxr-x 1 drspeech real 4.1M Feb  9 21:44 HVC742023.htk
-rwxrwxr-x 1 drspeech real 2.5M Feb  9 21:44 HVC756575.htk
-rwxrwxr-x 1 drspeech real 3.5M Feb  9 21:44 HVC757202.htk
-rwxrwxr-x 1 drspeech real 5.6M Feb  9 21:44 HVC774967.htk
-rwxrwxr-x 1 drspeech real 2.1M Feb  9 21:44 HVC775405.htk
-rwxrwxr-x 1 drspeech real  23M Feb  9 21:44 HVC796410.htk
-rwxrwxr-x 1 drspeech real 6.2M Feb  9 21:44 HVC804283.htk
-rwxrwxr-x 1 drspeech real 4.2M Feb  9 21:44 HVC808980.htk
-rwxrwxr-x 1 drspeech real 2.0M Feb  9 21:44 HVC830046.htk
-rwxrwxr-x 1 drspeech real 2.5M Feb  9 21:44 HVC832838.htk
-rwxrwxr-x 1 drspeech real 5.4M Feb  9 21:44 HVC841343.htk
-rwxrwxr-x 1 drspeech real 5.2M Feb  9 21:44 HVC868773.htk
-rwxrwxr-x 1 drspeech real 4.1M Feb  9 21:44 HVC872705.htk
-rwxrwxr-x 1 drspeech real 7.7M Feb  9 21:44 HVC877282.htk
