-rwxrwxr-x 1 drspeech real  1.7M Feb  9 21:45 HVC001815.htk
-rwxrwxr-x 1 drspeech real  2.4M Feb  9 21:45 HVC004300.htk
-rwxrwxr-x 1 drspeech real   12M Feb  9 21:45 HVC005890.htk
-rwxrwxr-x 1 drspeech real  4.8M Feb  9 21:45 HVC005964.htk
-rwxrwxr-x 1 drspeech real  5.2M Apr 20  2011 HVC012200.htk
-rwxrwxr-x 1 drspeech real  715K Feb  9 21:45 HVC022138.htk
-rwxrwxr-x 1 drspeech real  574K Feb  9 21:45 HVC023564.htk
-rwxrwxr-x 1 drspeech real  9.5M Feb  9 21:45 HVC035487.htk
-rwxrwxr-x 1 drspeech real  1.4M Feb  9 21:45 HVC040882.htk
-rwxrwxr-x 1 drspeech real   11M Feb  9 21:45 HVC043377.htk
-rwxrwxr-x 1 drspeech real  917K Feb  9 21:45 HVC045935.htk
-rwxrwxr-x 1 drspeech real  6.6M Feb  9 21:45 HVC046304.htk
-rwxrwxr-x 1 drspeech real  5.8M Feb  9 21:45 HVC046313.htk
-rwxrwxr-x 1 drspeech real  1.8M Feb  9 21:45 HVC057844.htk
-rwxrwxr-x 1 drspeech real  700K Feb  9 21:45 HVC063690.htk
-rwxrwxr-x 1 drspeech real  3.8M Feb  9 21:45 HVC064074.htk
-rwxrwxr-x 1 drspeech real  3.0M Feb  9 21:45 HVC065058.htk
-rwxrwxr-x 1 drspeech real  5.9M Feb  9 21:45 HVC073105.htk
-rwxrwxr-x 1 drspeech real  2.5M Feb  9 21:45 HVC074172.htk
-rwxrwxr-x 1 drspeech real  2.9M Feb  9 21:45 HVC077818.htk
-rwxrwxr-x 1 drspeech real   14M Feb  9 21:45 HVC088989.htk
-rwxrwxr-x 1 drspeech real   12M Feb  9 21:45 HVC096784.htk
-rwxrwxr-x 1 drspeech real  1.4M Feb  9 21:45 HVC100716.htk
-rwxrwxr-x 1 drspeech real   10M Feb  9 21:45 HVC108443.htk
-rwxrwxr-x 1 drspeech real   13M Feb  9 21:45 HVC123055.htk
-rwxrwxr-x 1 drspeech real   11M Feb  9 21:45 HVC125425.htk
-rwxrwxr-x 1 drspeech real  2.3M Feb  9 21:45 HVC128008.htk
-rwxrwxr-x 1 drspeech real   12M Feb  9 21:45 HVC138841.htk
-rwxrwxr-x 1 drspeech real  3.9M Feb  9 21:45 HVC139164.htk
-rwxrwxr-x 1 drspeech real  2.3M Feb  9 21:45 HVC143935.htk
-rwxrwxr-x 1 drspeech real  3.4M Feb  9 21:45 HVC144790.htk
-rwxrwxr-x 1 drspeech real  9.1M Feb  9 21:45 HVC146766.htk
-rwxrwxr-x 1 drspeech real  2.4M Feb  9 21:45 HVC161378.htk
-rwxrwxr-x 1 drspeech real   12M Feb  9 21:45 HVC164396.htk
-rwxrwxr-x 1 drspeech real  6.1M Feb  9 21:45 HVC166364.htk
-rwxrwxr-x 1 drspeech real  5.8M Feb  9 21:45 HVC175371.htk
-rwxrwxr-x 1 drspeech real   13M Feb  9 21:45 HVC184502.htk
-rwxrwxr-x 1 drspeech real  486K Feb  9 21:45 HVC191544.htk
-rwxrwxr-x 1 drspeech real  5.1M Feb  9 21:45 HVC191750.htk
-rwxrwxr-x 1 drspeech real  7.9M Feb  9 21:45 HVC196318.htk
-rwxrwxr-x 1 drspeech real  2.3M Feb  9 21:45 HVC208915.htk
-rwxrwxr-x 1 drspeech real   12M Feb  9 21:45 HVC212733.htk
-rwxrwxr-x 1 drspeech real  7.1M Feb  9 21:45 HVC218372.htk
-rwxrwxr-x 1 drspeech real   10M Feb  9 21:45 HVC226879.htk
-rwxrwxr-x 1 drspeech real  3.6M Feb  9 21:45 HVC231593.htk
-rwxrwxr-x 1 drspeech real  2.4M Feb  9 21:45 HVC231921.htk
-rwxrwxr-x 1 drspeech real   11M Feb  9 21:45 HVC232608.htk
-rwxrwxr-x 1 drspeech real  3.5M Feb  9 21:45 HVC233099.htk
-rwxrwxr-x 1 drspeech real  1.1M Feb  9 21:45 HVC241878.htk
-rwxrwxr-x 1 drspeech real   14M Feb  9 21:45 HVC242191.htk
-rwxrwxr-x 1 drspeech real   11M Feb  9 21:45 HVC247384.htk
-rwxrwxr-x 1 drspeech real  7.3M Feb  9 21:45 HVC248604.htk
-rwxrwxr-x 1 drspeech real  5.4M Feb  9 21:45 HVC252280.htk
-rwxrwxr-x 1 drspeech real  8.1M Feb  9 21:45 HVC266789.htk
-rwxrwxr-x 1 drspeech real  4.7M Feb  9 21:45 HVC267120.htk
-rwxrwxr-x 1 drspeech real   14M Feb  9 21:45 HVC274623.htk
-rwxrwxr-x 1 drspeech real   12M Feb  9 21:45 HVC277969.htk
-rwxrwxr-x 1 drspeech real  2.7M Feb  9 21:45 HVC277973.htk
-rwxrwxr-x 1 drspeech real  5.0M Feb  9 21:45 HVC294218.htk
-rwxrwxr-x 1 drspeech real  1.3M Feb  9 21:45 HVC294628.htk
-rwxrwxr-x 1 drspeech real  3.0M Feb  9 21:45 HVC297115.htk
-rwxrwxr-x 1 drspeech real  297K Feb  9 21:45 HVC311423.htk
-rwxrwxr-x 1 drspeech real   14M Feb  9 21:45 HVC327234.htk
-rwxrwxr-x 1 drspeech real  3.4M Feb  9 21:45 HVC333813.htk
-rwxrwxr-x 1 drspeech real  3.1M Feb  9 21:45 HVC341111.htk
-rwxrwxr-x 1 drspeech real  834K Feb  9 21:45 HVC353976.htk
-rwxrwxr-x 1 drspeech real  2.3M Feb  9 21:45 HVC355538.htk
-rwxrwxr-x 1 drspeech real  846K Feb  9 21:45 HVC359409.htk
-rwxrwxr-x 1 drspeech real  6.7M Feb  9 21:45 HVC366824.htk
-rwxrwxr-x 1 drspeech real  2.5M Feb  9 21:45 HVC377327.htk
-rwxrwxr-x 1 drspeech real  1.8M Feb  9 21:45 HVC377628.htk
-rwxrwxr-x 1 drspeech real  7.9M Feb  9 21:45 HVC378325.htk
-rwxrwxr-x 1 drspeech real  1.8M Feb  9 21:45 HVC387498.htk
-rwxrwxr-x 1 drspeech real  785K Feb  9 21:45 HVC390322.htk
-rwxrwxr-x 1 drspeech real  9.9M Feb  9 21:45 HVC390861.htk
-rwxrwxr-x 1 drspeech real  8.6M Feb  9 21:45 HVC395138.htk
-rwxrwxr-x 1 drspeech real  740K Feb  9 21:45 HVC396063.htk
-rwxrwxr-x 1 drspeech real  6.1M Feb  9 21:45 HVC406059.htk
-rwxrwxr-x 1 drspeech real  4.0M Feb  9 21:45 HVC406916.htk
-rwxrwxr-x 1 drspeech real  4.8M Feb  9 21:45 HVC421398.htk
-rwxrwxr-x 1 drspeech real  2.4M Feb  9 21:45 HVC444188.htk
-rwxrwxr-x 1 drspeech real  6.6M Feb  9 21:45 HVC456084.htk
-rwxrwxr-x 1 drspeech real  1.9M Feb  9 21:45 HVC463904.htk
-rwxrwxr-x 1 drspeech real  580K Feb  9 21:45 HVC469637.htk
-rwxrwxr-x 1 drspeech real  6.3M Feb  9 21:45 HVC485044.htk
-rwxrwxr-x 1 drspeech real  2.0M Feb  9 21:45 HVC488890.htk
-rwxrwxr-x 1 drspeech real 1008K Feb  9 21:45 HVC513723.htk
-rwxrwxr-x 1 drspeech real  3.5M Feb  9 21:45 HVC520194.htk
-rwxrwxr-x 1 drspeech real  2.4M Feb  9 21:45 HVC524550.htk
-rwxrwxr-x 1 drspeech real  2.1M Feb  9 21:45 HVC529203.htk
-rwxrwxr-x 1 drspeech real  4.6M Feb  9 21:45 HVC536276.htk
-rwxrwxr-x 1 drspeech real   17M Feb  9 21:45 HVC560786.htk
-rwxrwxr-x 1 drspeech real  2.2M Feb  9 21:45 HVC562810.htk
-rwxrwxr-x 1 drspeech real  1.2M Feb  9 21:45 HVC576475.htk
-rwxrwxr-x 1 drspeech real  5.0M Feb  9 21:45 HVC579327.htk
-rwxrwxr-x 1 drspeech real  1.3M Feb  9 21:45 HVC584095.htk
-rwxrwxr-x 1 drspeech real  1.3M Feb  9 21:45 HVC587910.htk
-rwxrwxr-x 1 drspeech real  708K Feb  9 21:45 HVC591407.htk
-rwxrwxr-x 1 drspeech real   11M Feb  9 21:45 HVC601029.htk
-rwxrwxr-x 1 drspeech real  8.4M Feb  9 21:45 HVC611258.htk
-rwxrwxr-x 1 drspeech real  7.3M Feb  9 21:45 HVC612003.htk
-rwxrwxr-x 1 drspeech real  842K Feb  9 21:45 HVC624891.htk
-rwxrwxr-x 1 drspeech real  739K Feb  9 21:45 HVC634081.htk
-rwxrwxr-x 1 drspeech real  1.4M Feb  9 21:45 HVC638068.htk
-rwxrwxr-x 1 drspeech real  1.2M Feb  9 21:45 HVC642035.htk
-rwxrwxr-x 1 drspeech real  3.8M Feb  9 21:45 HVC645251.htk
-rwxrwxr-x 1 drspeech real  5.1M Feb  9 21:45 HVC647293.htk
-rwxrwxr-x 1 drspeech real  6.4M Feb  9 21:45 HVC649471.htk
-rwxrwxr-x 1 drspeech real   21M Feb  9 21:45 HVC652674.htk
-rwxrwxr-x 1 drspeech real  6.7M Feb  9 21:45 HVC659154.htk
-rwxrwxr-x 1 drspeech real  994K Feb  9 21:45 HVC692549.htk
-rwxrwxr-x 1 drspeech real  781K Feb  9 21:45 HVC718045.htk
-rwxrwxr-x 1 drspeech real  7.5M Feb  9 21:45 HVC722400.htk
-rwxrwxr-x 1 drspeech real  8.4M Feb  9 21:45 HVC731770.htk
-rwxrwxr-x 1 drspeech real  2.2M Feb  9 21:45 HVC734839.htk
-rwxrwxr-x 1 drspeech real  2.6M Apr 20  2011 HVC740175.htk
-rwxrwxr-x 1 drspeech real  1.2M Feb  9 21:45 HVC741044.htk
-rwxrwxr-x 1 drspeech real  5.7M Feb  9 21:45 HVC741067.htk
-rwxrwxr-x 1 drspeech real  3.3M Feb  9 21:45 HVC746183.htk
-rwxrwxr-x 1 drspeech real  5.4M Feb  9 21:45 HVC767025.htk
-rwxrwxr-x 1 drspeech real  8.4M Feb  9 21:45 HVC769178.htk
-rwxrwxr-x 1 drspeech real  8.0M Feb  9 21:45 HVC774615.htk
-rwxrwxr-x 1 drspeech real  2.7M Feb  9 21:45 HVC776198.htk
-rwxrwxr-x 1 drspeech real  3.4M Feb  9 21:45 HVC781384.htk
-rwxrwxr-x 1 drspeech real  2.5M Feb  9 21:45 HVC783530.htk
-rwxrwxr-x 1 drspeech real  867K Feb  9 21:45 HVC788725.htk
-rwxrwxr-x 1 drspeech real  4.0M Feb  9 21:45 HVC790602.htk
-rwxrwxr-x 1 drspeech real  960K Feb  9 21:45 HVC791390.htk
-rwxrwxr-x 1 drspeech real  5.7M Feb  9 21:45 HVC792096.htk
-rwxrwxr-x 1 drspeech real  3.4M Feb  9 21:45 HVC802868.htk
-rwxrwxr-x 1 drspeech real  2.5M Feb  9 21:45 HVC818339.htk
-rwxrwxr-x 1 drspeech real  4.7M Feb  9 21:45 HVC825954.htk
-rwxrwxr-x 1 drspeech real  9.7M Feb  9 21:45 HVC828442.htk
-rwxrwxr-x 1 drspeech real  3.3M Feb  9 21:45 HVC839042.htk
-rwxrwxr-x 1 drspeech real  8.0M Feb  9 21:45 HVC849628.htk
-rwxrwxr-x 1 drspeech real  867K Feb  9 21:45 HVC851359.htk
-rwxrwxr-x 1 drspeech real  2.6M Feb  9 21:45 HVC854141.htk
-rwxrwxr-x 1 drspeech real  1.4M Feb  9 21:45 HVC862010.htk
-rwxrwxr-x 1 drspeech real  3.1M Feb  9 21:45 HVC866028.htk
-rwxrwxr-x 1 drspeech real  7.2M Feb  9 21:45 HVC880356.htk
